  Determining projects to restore...
  All projects are up-to-date for restore.
  ICMS.Domain -> D:\Files\Others\Source Code\GitHub Clone Projects\ICMS-Fullstack\ICMS\ICMS.Domain\bin\Debug\net9.0\ICMS.Domain.dll
D:\Files\Others\Source Code\GitHub Clone Projects\ICMS-Fullstack\ICMS\ICMS.Application\Interfaces\Services\INewbornService.cs(13,28): error CS0246: The type or namespace name 'TempDto' could not be found (are you missing a using directive or an assembly reference?) [D:\Files\Others\Source Code\GitHub Clone Projects\ICMS-Fullstack\ICMS\ICMS.Application\ICMS.Application.csproj]
D:\Files\Others\Source Code\GitHub Clone Projects\ICMS-Fullstack\ICMS\ICMS.Application\Interfaces\Services\INewbornService.cs(15,14): error CS0246: The type or namespace name 'TempDto' could not be found (are you missing a using directive or an assembly reference?) [D:\Files\Others\Source Code\GitHub Clone Projects\ICMS-Fullstack\ICMS\ICMS.Application\ICMS.Application.csproj]
D:\Files\Others\Source Code\GitHub Clone Projects\ICMS-Fullstack\ICMS\ICMS.Application\Interfaces\Repositories\IPersonRepository.cs(20,27): warning CS0109: The member 'IPersonRepository.GetByIdAsync(int, CancellationToken)' does not hide an accessible member. The new keyword is not required. [D:\Files\Others\Source Code\GitHub Clone Projects\ICMS-Fullstack\ICMS\ICMS.Application\ICMS.Application.csproj]
D:\Files\Others\Source Code\GitHub Clone Projects\ICMS-Fullstack\ICMS\ICMS.Application\Interfaces\Services\INewbornService.cs(17,32): error CS0246: The type or namespace name 'TempDto' could not be found (are you missing a using directive or an assembly reference?) [D:\Files\Others\Source Code\GitHub Clone Projects\ICMS-Fullstack\ICMS\ICMS.Application\ICMS.Application.csproj]
D:\Files\Others\Source Code\GitHub Clone Projects\ICMS-Fullstack\ICMS\ICMS.Application\Interfaces\Services\INewbornService.cs(17,14): error CS0246: The type or namespace name 'TempDto' could not be found (are you missing a using directive or an assembly reference?) [D:\Files\Others\Source Code\GitHub Clone Projects\ICMS-Fullstack\ICMS\ICMS.Application\ICMS.Application.csproj]
D:\Files\Others\Source Code\GitHub Clone Projects\ICMS-Fullstack\ICMS\ICMS.Application\Interfaces\Services\IPregnancyDetailsService.cs(13,28): error CS0246: The type or namespace name 'TempDto' could not be found (are you missing a using directive or an assembly reference?) [D:\Files\Others\Source Code\GitHub Clone Projects\ICMS-Fullstack\ICMS\ICMS.Application\ICMS.Application.csproj]
D:\Files\Others\Source Code\GitHub Clone Projects\ICMS-Fullstack\ICMS\ICMS.Application\Interfaces\Services\IPregnancyDetailsService.cs(15,14): error CS0246: The type or namespace name 'TempDto' could not be found (are you missing a using directive or an assembly reference?) [D:\Files\Others\Source Code\GitHub Clone Projects\ICMS-Fullstack\ICMS\ICMS.Application\ICMS.Application.csproj]
D:\Files\Others\Source Code\GitHub Clone Projects\ICMS-Fullstack\ICMS\ICMS.Application\Interfaces\Services\INewbornService.cs(19,32): error CS0246: The type or namespace name 'TempDto' could not be found (are you missing a using directive or an assembly reference?) [D:\Files\Others\Source Code\GitHub Clone Projects\ICMS-Fullstack\ICMS\ICMS.Application\ICMS.Application.csproj]
D:\Files\Others\Source Code\GitHub Clone Projects\ICMS-Fullstack\ICMS\ICMS.Application\Interfaces\Services\INewbornService.cs(21,32): error CS0246: The type or namespace name 'TempDto' could not be found (are you missing a using directive or an assembly reference?) [D:\Files\Others\Source Code\GitHub Clone Projects\ICMS-Fullstack\ICMS\ICMS.Application\ICMS.Application.csproj]
D:\Files\Others\Source Code\GitHub Clone Projects\ICMS-Fullstack\ICMS\ICMS.Application\Interfaces\Services\IPreviousPostpartumComplicationsService.cs(13,28): error CS0246: The type or namespace name 'TempDto' could not be found (are you missing a using directive or an assembly reference?) [D:\Files\Others\Source Code\GitHub Clone Projects\ICMS-Fullstack\ICMS\ICMS.Application\ICMS.Application.csproj]
D:\Files\Others\Source Code\GitHub Clone Projects\ICMS-Fullstack\ICMS\ICMS.Application\Interfaces\Services\IPregnancyDetailsService.cs(17,32): error CS0246: The type or namespace name 'TempDto' could not be found (are you missing a using directive or an assembly reference?) [D:\Files\Others\Source Code\GitHub Clone Projects\ICMS-Fullstack\ICMS\ICMS.Application\ICMS.Application.csproj]
D:\Files\Others\Source Code\GitHub Clone Projects\ICMS-Fullstack\ICMS\ICMS.Application\Interfaces\Services\IPregnancyDetailsService.cs(17,14): error CS0246: The type or namespace name 'TempDto' could not be found (are you missing a using directive or an assembly reference?) [D:\Files\Others\Source Code\GitHub Clone Projects\ICMS-Fullstack\ICMS\ICMS.Application\ICMS.Application.csproj]
D:\Files\Others\Source Code\GitHub Clone Projects\ICMS-Fullstack\ICMS\ICMS.Application\Interfaces\Services\IPreviousPostpartumComplicationsService.cs(15,14): error CS0246: The type or namespace name 'TempDto' could not be found (are you missing a using directive or an assembly reference?) [D:\Files\Others\Source Code\GitHub Clone Projects\ICMS-Fullstack\ICMS\ICMS.Application\ICMS.Application.csproj]
D:\Files\Others\Source Code\GitHub Clone Projects\ICMS-Fullstack\ICMS\ICMS.Application\Interfaces\Services\IPregnancyDetailsService.cs(19,32): error CS0246: The type or namespace name 'TempDto' could not be found (are you missing a using directive or an assembly reference?) [D:\Files\Others\Source Code\GitHub Clone Projects\ICMS-Fullstack\ICMS\ICMS.Application\ICMS.Application.csproj]
D:\Files\Others\Source Code\GitHub Clone Projects\ICMS-Fullstack\ICMS\ICMS.Application\Interfaces\Services\IPregnancyDetailsService.cs(21,32): error CS0246: The type or namespace name 'TempDto' could not be found (are you missing a using directive or an assembly reference?) [D:\Files\Others\Source Code\GitHub Clone Projects\ICMS-Fullstack\ICMS\ICMS.Application\ICMS.Application.csproj]
D:\Files\Others\Source Code\GitHub Clone Projects\ICMS-Fullstack\ICMS\ICMS.Application\Interfaces\Services\IPreviousPostpartumComplicationsService.cs(17,32): error CS0246: The type or namespace name 'TempDto' could not be found (are you missing a using directive or an assembly reference?) [D:\Files\Others\Source Code\GitHub Clone Projects\ICMS-Fullstack\ICMS\ICMS.Application\ICMS.Application.csproj]
D:\Files\Others\Source Code\GitHub Clone Projects\ICMS-Fullstack\ICMS\ICMS.Application\Interfaces\Services\IPreviousPostpartumComplicationsService.cs(17,14): error CS0246: The type or namespace name 'TempDto' could not be found (are you missing a using directive or an assembly reference?) [D:\Files\Others\Source Code\GitHub Clone Projects\ICMS-Fullstack\ICMS\ICMS.Application\ICMS.Application.csproj]
D:\Files\Others\Source Code\GitHub Clone Projects\ICMS-Fullstack\ICMS\ICMS.Application\Interfaces\Services\IPreviousPostpartumComplicationsService.cs(19,32): error CS0246: The type or namespace name 'TempDto' could not be found (are you missing a using directive or an assembly reference?) [D:\Files\Others\Source Code\GitHub Clone Projects\ICMS-Fullstack\ICMS\ICMS.Application\ICMS.Application.csproj]
D:\Files\Others\Source Code\GitHub Clone Projects\ICMS-Fullstack\ICMS\ICMS.Application\Interfaces\Services\IPreviousPostpartumComplicationsService.cs(21,32): error CS0246: The type or namespace name 'TempDto' could not be found (are you missing a using directive or an assembly reference?) [D:\Files\Others\Source Code\GitHub Clone Projects\ICMS-Fullstack\ICMS\ICMS.Application\ICMS.Application.csproj]
D:\Files\Others\Source Code\GitHub Clone Projects\ICMS-Fullstack\ICMS\ICMS.Application\Interfaces\Repositories\IVaccineRepository.cs(7,28): warning CS0109: The member 'IVaccineRepository.GetByIdAsync(int, CancellationToken)' does not hide an accessible member. The new keyword is not required. [D:\Files\Others\Source Code\GitHub Clone Projects\ICMS-Fullstack\ICMS\ICMS.Application\ICMS.Application.csproj]
D:\Files\Others\Source Code\GitHub Clone Projects\ICMS-Fullstack\ICMS\ICMS.Application\Interfaces\Services\IPregnantWomanService.cs(13,28): error CS0246: The type or namespace name 'TempDto' could not be found (are you missing a using directive or an assembly reference?) [D:\Files\Others\Source Code\GitHub Clone Projects\ICMS-Fullstack\ICMS\ICMS.Application\ICMS.Application.csproj]
D:\Files\Others\Source Code\GitHub Clone Projects\ICMS-Fullstack\ICMS\ICMS.Application\Interfaces\Services\IPreviousPregnancyComplicationsService.cs(13,28): error CS0246: The type or namespace name 'TempDto' could not be found (are you missing a using directive or an assembly reference?) [D:\Files\Others\Source Code\GitHub Clone Projects\ICMS-Fullstack\ICMS\ICMS.Application\ICMS.Application.csproj]
D:\Files\Others\Source Code\GitHub Clone Projects\ICMS-Fullstack\ICMS\ICMS.Application\Interfaces\Services\IPreviousPregnancyDeliveryComplicationsService.cs(13,28): error CS0246: The type or namespace name 'TempDto' could not be found (are you missing a using directive or an assembly reference?) [D:\Files\Others\Source Code\GitHub Clone Projects\ICMS-Fullstack\ICMS\ICMS.Application\ICMS.Application.csproj]
D:\Files\Others\Source Code\GitHub Clone Projects\ICMS-Fullstack\ICMS\ICMS.Application\Interfaces\Services\IPregnantWomanService.cs(15,14): error CS0246: The type or namespace name 'TempDto' could not be found (are you missing a using directive or an assembly reference?) [D:\Files\Others\Source Code\GitHub Clone Projects\ICMS-Fullstack\ICMS\ICMS.Application\ICMS.Application.csproj]
D:\Files\Others\Source Code\GitHub Clone Projects\ICMS-Fullstack\ICMS\ICMS.Application\Interfaces\Services\IPreviousPregnancyComplicationsService.cs(15,14): error CS0246: The type or namespace name 'TempDto' could not be found (are you missing a using directive or an assembly reference?) [D:\Files\Others\Source Code\GitHub Clone Projects\ICMS-Fullstack\ICMS\ICMS.Application\ICMS.Application.csproj]
D:\Files\Others\Source Code\GitHub Clone Projects\ICMS-Fullstack\ICMS\ICMS.Application\Interfaces\Services\IPreviousPregnancyDeliveryComplicationsService.cs(15,14): error CS0246: The type or namespace name 'TempDto' could not be found (are you missing a using directive or an assembly reference?) [D:\Files\Others\Source Code\GitHub Clone Projects\ICMS-Fullstack\ICMS\ICMS.Application\ICMS.Application.csproj]
D:\Files\Others\Source Code\GitHub Clone Projects\ICMS-Fullstack\ICMS\ICMS.Application\Interfaces\Services\IPreviousPregnancyDeliveryComplicationsService.cs(17,32): error CS0246: The type or namespace name 'TempDto' could not be found (are you missing a using directive or an assembly reference?) [D:\Files\Others\Source Code\GitHub Clone Projects\ICMS-Fullstack\ICMS\ICMS.Application\ICMS.Application.csproj]
D:\Files\Others\Source Code\GitHub Clone Projects\ICMS-Fullstack\ICMS\ICMS.Application\Interfaces\Services\IPreviousPregnancyDeliveryComplicationsService.cs(17,14): error CS0246: The type or namespace name 'TempDto' could not be found (are you missing a using directive or an assembly reference?) [D:\Files\Others\Source Code\GitHub Clone Projects\ICMS-Fullstack\ICMS\ICMS.Application\ICMS.Application.csproj]
D:\Files\Others\Source Code\GitHub Clone Projects\ICMS-Fullstack\ICMS\ICMS.Application\Interfaces\Repositories\IVaccinatedIndividualRepository.cs(19,41): warning CS0109: The member 'IVaccinatedIndividualRepository.GetByIdAsync(int, CancellationToken)' does not hide an accessible member. The new keyword is not required. [D:\Files\Others\Source Code\GitHub Clone Projects\ICMS-Fullstack\ICMS\ICMS.Application\ICMS.Application.csproj]
D:\Files\Others\Source Code\GitHub Clone Projects\ICMS-Fullstack\ICMS\ICMS.Application\Interfaces\Services\IPregnantWomanService.cs(17,32): error CS0246: The type or namespace name 'TempDto' could not be found (are you missing a using directive or an assembly reference?) [D:\Files\Others\Source Code\GitHub Clone Projects\ICMS-Fullstack\ICMS\ICMS.Application\ICMS.Application.csproj]
D:\Files\Others\Source Code\GitHub Clone Projects\ICMS-Fullstack\ICMS\ICMS.Application\Interfaces\Services\IPregnantWomanService.cs(17,14): error CS0246: The type or namespace name 'TempDto' could not be found (are you missing a using directive or an assembly reference?) [D:\Files\Others\Source Code\GitHub Clone Projects\ICMS-Fullstack\ICMS\ICMS.Application\ICMS.Application.csproj]
D:\Files\Others\Source Code\GitHub Clone Projects\ICMS-Fullstack\ICMS\ICMS.Application\Interfaces\Services\IPregnantWomanService.cs(19,32): error CS0246: The type or namespace name 'TempDto' could not be found (are you missing a using directive or an assembly reference?) [D:\Files\Others\Source Code\GitHub Clone Projects\ICMS-Fullstack\ICMS\ICMS.Application\ICMS.Application.csproj]
D:\Files\Others\Source Code\GitHub Clone Projects\ICMS-Fullstack\ICMS\ICMS.Application\Interfaces\Services\IPreviousPregnancyDeliveryComplicationsService.cs(19,32): error CS0246: The type or namespace name 'TempDto' could not be found (are you missing a using directive or an assembly reference?) [D:\Files\Others\Source Code\GitHub Clone Projects\ICMS-Fullstack\ICMS\ICMS.Application\ICMS.Application.csproj]
D:\Files\Others\Source Code\GitHub Clone Projects\ICMS-Fullstack\ICMS\ICMS.Application\Interfaces\Services\IPregnantWomanService.cs(21,32): error CS0246: The type or namespace name 'TempDto' could not be found (are you missing a using directive or an assembly reference?) [D:\Files\Others\Source Code\GitHub Clone Projects\ICMS-Fullstack\ICMS\ICMS.Application\ICMS.Application.csproj]
D:\Files\Others\Source Code\GitHub Clone Projects\ICMS-Fullstack\ICMS\ICMS.Application\Interfaces\Services\IPreviousPregnancyDeliveryComplicationsService.cs(21,32): error CS0246: The type or namespace name 'TempDto' could not be found (are you missing a using directive or an assembly reference?) [D:\Files\Others\Source Code\GitHub Clone Projects\ICMS-Fullstack\ICMS\ICMS.Application\ICMS.Application.csproj]
D:\Files\Others\Source Code\GitHub Clone Projects\ICMS-Fullstack\ICMS\ICMS.Application\Interfaces\Services\IPreviousPregnancyComplicationsService.cs(17,32): error CS0246: The type or namespace name 'TempDto' could not be found (are you missing a using directive or an assembly reference?) [D:\Files\Others\Source Code\GitHub Clone Projects\ICMS-Fullstack\ICMS\ICMS.Application\ICMS.Application.csproj]
D:\Files\Others\Source Code\GitHub Clone Projects\ICMS-Fullstack\ICMS\ICMS.Application\Interfaces\Services\IPreviousPregnancyComplicationsService.cs(17,14): error CS0246: The type or namespace name 'TempDto' could not be found (are you missing a using directive or an assembly reference?) [D:\Files\Others\Source Code\GitHub Clone Projects\ICMS-Fullstack\ICMS\ICMS.Application\ICMS.Application.csproj]
D:\Files\Others\Source Code\GitHub Clone Projects\ICMS-Fullstack\ICMS\ICMS.Application\Interfaces\Services\IPreviousPregnancyComplicationsService.cs(19,32): error CS0246: The type or namespace name 'TempDto' could not be found (are you missing a using directive or an assembly reference?) [D:\Files\Others\Source Code\GitHub Clone Projects\ICMS-Fullstack\ICMS\ICMS.Application\ICMS.Application.csproj]
D:\Files\Others\Source Code\GitHub Clone Projects\ICMS-Fullstack\ICMS\ICMS.Application\Interfaces\Services\IPreviousPregnancyComplicationsService.cs(21,32): error CS0246: The type or namespace name 'TempDto' could not be found (are you missing a using directive or an assembly reference?) [D:\Files\Others\Source Code\GitHub Clone Projects\ICMS-Fullstack\ICMS\ICMS.Application\ICMS.Application.csproj]
D:\Files\Others\Source Code\GitHub Clone Projects\ICMS-Fullstack\ICMS\ICMS.Application\Interfaces\Services\ITransactionService.cs(13,28): error CS0246: The type or namespace name 'TempDto' could not be found (are you missing a using directive or an assembly reference?) [D:\Files\Others\Source Code\GitHub Clone Projects\ICMS-Fullstack\ICMS\ICMS.Application\ICMS.Application.csproj]
D:\Files\Others\Source Code\GitHub Clone Projects\ICMS-Fullstack\ICMS\ICMS.Application\Services\NewbornSerivce.cs(14,35): error CS0246: The type or namespace name 'TempDto' could not be found (are you missing a using directive or an assembly reference?) [D:\Files\Others\Source Code\GitHub Clone Projects\ICMS-Fullstack\ICMS\ICMS.Application\ICMS.Application.csproj]
D:\Files\Others\Source Code\GitHub Clone Projects\ICMS-Fullstack\ICMS\ICMS.Application\Services\NewbornSerivce.cs(19,21): error CS0246: The type or namespace name 'TempDto' could not be found (are you missing a using directive or an assembly reference?) [D:\Files\Others\Source Code\GitHub Clone Projects\ICMS-Fullstack\ICMS\ICMS.Application\ICMS.Application.csproj]
D:\Files\Others\Source Code\GitHub Clone Projects\ICMS-Fullstack\ICMS\ICMS.Application\Interfaces\Services\ITransactionService.cs(15,14): error CS0246: The type or namespace name 'TempDto' could not be found (are you missing a using directive or an assembly reference?) [D:\Files\Others\Source Code\GitHub Clone Projects\ICMS-Fullstack\ICMS\ICMS.Application\ICMS.Application.csproj]
D:\Files\Others\Source Code\GitHub Clone Projects\ICMS-Fullstack\ICMS\ICMS.Application\Services\NewbornSerivce.cs(24,39): error CS0246: The type or namespace name 'TempDto' could not be found (are you missing a using directive or an assembly reference?) [D:\Files\Others\Source Code\GitHub Clone Projects\ICMS-Fullstack\ICMS\ICMS.Application\ICMS.Application.csproj]
D:\Files\Others\Source Code\GitHub Clone Projects\ICMS-Fullstack\ICMS\ICMS.Application\Services\NewbornSerivce.cs(24,21): error CS0246: The type or namespace name 'TempDto' could not be found (are you missing a using directive or an assembly reference?) [D:\Files\Others\Source Code\GitHub Clone Projects\ICMS-Fullstack\ICMS\ICMS.Application\ICMS.Application.csproj]
D:\Files\Others\Source Code\GitHub Clone Projects\ICMS-Fullstack\ICMS\ICMS.Application\Services\PregnancyDetailsService.cs(14,35): error CS0246: The type or namespace name 'TempDto' could not be found (are you missing a using directive or an assembly reference?) [D:\Files\Others\Source Code\GitHub Clone Projects\ICMS-Fullstack\ICMS\ICMS.Application\ICMS.Application.csproj]
D:\Files\Others\Source Code\GitHub Clone Projects\ICMS-Fullstack\ICMS\ICMS.Application\Interfaces\Services\ITransactionService.cs(17,32): error CS0246: The type or namespace name 'TempDto' could not be found (are you missing a using directive or an assembly reference?) [D:\Files\Others\Source Code\GitHub Clone Projects\ICMS-Fullstack\ICMS\ICMS.Application\ICMS.Application.csproj]
D:\Files\Others\Source Code\GitHub Clone Projects\ICMS-Fullstack\ICMS\ICMS.Application\Interfaces\Services\ITransactionService.cs(17,14): error CS0246: The type or namespace name 'TempDto' could not be found (are you missing a using directive or an assembly reference?) [D:\Files\Others\Source Code\GitHub Clone Projects\ICMS-Fullstack\ICMS\ICMS.Application\ICMS.Application.csproj]
D:\Files\Others\Source Code\GitHub Clone Projects\ICMS-Fullstack\ICMS\ICMS.Application\Services\PregnancyDetailsService.cs(19,21): error CS0246: The type or namespace name 'TempDto' could not be found (are you missing a using directive or an assembly reference?) [D:\Files\Others\Source Code\GitHub Clone Projects\ICMS-Fullstack\ICMS\ICMS.Application\ICMS.Application.csproj]
D:\Files\Others\Source Code\GitHub Clone Projects\ICMS-Fullstack\ICMS\ICMS.Application\Interfaces\Services\ITransactionService.cs(19,32): error CS0246: The type or namespace name 'TempDto' could not be found (are you missing a using directive or an assembly reference?) [D:\Files\Others\Source Code\GitHub Clone Projects\ICMS-Fullstack\ICMS\ICMS.Application\ICMS.Application.csproj]
D:\Files\Others\Source Code\GitHub Clone Projects\ICMS-Fullstack\ICMS\ICMS.Application\Services\NewbornSerivce.cs(29,39): error CS0246: The type or namespace name 'TempDto' could not be found (are you missing a using directive or an assembly reference?) [D:\Files\Others\Source Code\GitHub Clone Projects\ICMS-Fullstack\ICMS\ICMS.Application\ICMS.Application.csproj]
D:\Files\Others\Source Code\GitHub Clone Projects\ICMS-Fullstack\ICMS\ICMS.Application\Services\PregnancyDetailsService.cs(23,39): error CS0246: The type or namespace name 'TempDto' could not be found (are you missing a using directive or an assembly reference?) [D:\Files\Others\Source Code\GitHub Clone Projects\ICMS-Fullstack\ICMS\ICMS.Application\ICMS.Application.csproj]
D:\Files\Others\Source Code\GitHub Clone Projects\ICMS-Fullstack\ICMS\ICMS.Application\Services\PregnancyDetailsService.cs(23,21): error CS0246: The type or namespace name 'TempDto' could not be found (are you missing a using directive or an assembly reference?) [D:\Files\Others\Source Code\GitHub Clone Projects\ICMS-Fullstack\ICMS\ICMS.Application\ICMS.Application.csproj]
D:\Files\Others\Source Code\GitHub Clone Projects\ICMS-Fullstack\ICMS\ICMS.Application\Services\NewbornSerivce.cs(35,39): error CS0246: The type or namespace name 'TempDto' could not be found (are you missing a using directive or an assembly reference?) [D:\Files\Others\Source Code\GitHub Clone Projects\ICMS-Fullstack\ICMS\ICMS.Application\ICMS.Application.csproj]
D:\Files\Others\Source Code\GitHub Clone Projects\ICMS-Fullstack\ICMS\ICMS.Application\Interfaces\Services\ITransactionService.cs(21,32): error CS0246: The type or namespace name 'TempDto' could not be found (are you missing a using directive or an assembly reference?) [D:\Files\Others\Source Code\GitHub Clone Projects\ICMS-Fullstack\ICMS\ICMS.Application\ICMS.Application.csproj]
D:\Files\Others\Source Code\GitHub Clone Projects\ICMS-Fullstack\ICMS\ICMS.Application\Services\PregnantWomanService.cs(15,35): error CS0246: The type or namespace name 'TempDto' could not be found (are you missing a using directive or an assembly reference?) [D:\Files\Others\Source Code\GitHub Clone Projects\ICMS-Fullstack\ICMS\ICMS.Application\ICMS.Application.csproj]
D:\Files\Others\Source Code\GitHub Clone Projects\ICMS-Fullstack\ICMS\ICMS.Application\Interfaces\Services\IVisitDetailsService.cs(13,28): error CS0246: The type or namespace name 'TempDto' could not be found (are you missing a using directive or an assembly reference?) [D:\Files\Others\Source Code\GitHub Clone Projects\ICMS-Fullstack\ICMS\ICMS.Application\ICMS.Application.csproj]
D:\Files\Others\Source Code\GitHub Clone Projects\ICMS-Fullstack\ICMS\ICMS.Application\Interfaces\Services\IVisitDetailsService.cs(15,14): error CS0246: The type or namespace name 'TempDto' could not be found (are you missing a using directive or an assembly reference?) [D:\Files\Others\Source Code\GitHub Clone Projects\ICMS-Fullstack\ICMS\ICMS.Application\ICMS.Application.csproj]
D:\Files\Others\Source Code\GitHub Clone Projects\ICMS-Fullstack\ICMS\ICMS.Application\Services\PregnancyDetailsService.cs(28,39): error CS0246: The type or namespace name 'TempDto' could not be found (are you missing a using directive or an assembly reference?) [D:\Files\Others\Source Code\GitHub Clone Projects\ICMS-Fullstack\ICMS\ICMS.Application\ICMS.Application.csproj]
D:\Files\Others\Source Code\GitHub Clone Projects\ICMS-Fullstack\ICMS\ICMS.Application\Services\PreviousPregnancyComplicationsService.cs(9,37): error CS0246: The type or namespace name 'TempDto' could not be found (are you missing a using directive or an assembly reference?) [D:\Files\Others\Source Code\GitHub Clone Projects\ICMS-Fullstack\ICMS\ICMS.Application\ICMS.Application.csproj]
D:\Files\Others\Source Code\GitHub Clone Projects\ICMS-Fullstack\ICMS\ICMS.Application\Services\PreviousPregnancyComplicationsService.cs(14,23): error CS0246: The type or namespace name 'TempDto' could not be found (are you missing a using directive or an assembly reference?) [D:\Files\Others\Source Code\GitHub Clone Projects\ICMS-Fullstack\ICMS\ICMS.Application\ICMS.Application.csproj]
D:\Files\Others\Source Code\GitHub Clone Projects\ICMS-Fullstack\ICMS\ICMS.Application\Services\PregnancyDetailsService.cs(34,39): error CS0246: The type or namespace name 'TempDto' could not be found (are you missing a using directive or an assembly reference?) [D:\Files\Others\Source Code\GitHub Clone Projects\ICMS-Fullstack\ICMS\ICMS.Application\ICMS.Application.csproj]
D:\Files\Others\Source Code\GitHub Clone Projects\ICMS-Fullstack\ICMS\ICMS.Application\Interfaces\Services\IVisitDetailsService.cs(17,32): error CS0246: The type or namespace name 'TempDto' could not be found (are you missing a using directive or an assembly reference?) [D:\Files\Others\Source Code\GitHub Clone Projects\ICMS-Fullstack\ICMS\ICMS.Application\ICMS.Application.csproj]
D:\Files\Others\Source Code\GitHub Clone Projects\ICMS-Fullstack\ICMS\ICMS.Application\Interfaces\Services\IVisitDetailsService.cs(17,14): error CS0246: The type or namespace name 'TempDto' could not be found (are you missing a using directive or an assembly reference?) [D:\Files\Others\Source Code\GitHub Clone Projects\ICMS-Fullstack\ICMS\ICMS.Application\ICMS.Application.csproj]
D:\Files\Others\Source Code\GitHub Clone Projects\ICMS-Fullstack\ICMS\ICMS.Application\Services\PreviousPregnancyDeliveryComplicationsService.cs(9,37): error CS0246: The type or namespace name 'TempDto' could not be found (are you missing a using directive or an assembly reference?) [D:\Files\Others\Source Code\GitHub Clone Projects\ICMS-Fullstack\ICMS\ICMS.Application\ICMS.Application.csproj]
D:\Files\Others\Source Code\GitHub Clone Projects\ICMS-Fullstack\ICMS\ICMS.Application\Services\PreviousPregnancyDeliveryComplicationsService.cs(14,23): error CS0246: The type or namespace name 'TempDto' could not be found (are you missing a using directive or an assembly reference?) [D:\Files\Others\Source Code\GitHub Clone Projects\ICMS-Fullstack\ICMS\ICMS.Application\ICMS.Application.csproj]
D:\Files\Others\Source Code\GitHub Clone Projects\ICMS-Fullstack\ICMS\ICMS.Application\Services\PreviousPregnancyComplicationsService.cs(19,41): error CS0246: The type or namespace name 'TempDto' could not be found (are you missing a using directive or an assembly reference?) [D:\Files\Others\Source Code\GitHub Clone Projects\ICMS-Fullstack\ICMS\ICMS.Application\ICMS.Application.csproj]
D:\Files\Others\Source Code\GitHub Clone Projects\ICMS-Fullstack\ICMS\ICMS.Application\Services\PreviousPregnancyComplicationsService.cs(19,23): error CS0246: The type or namespace name 'TempDto' could not be found (are you missing a using directive or an assembly reference?) [D:\Files\Others\Source Code\GitHub Clone Projects\ICMS-Fullstack\ICMS\ICMS.Application\ICMS.Application.csproj]
D:\Files\Others\Source Code\GitHub Clone Projects\ICMS-Fullstack\ICMS\ICMS.Application\Services\PreviousPregnancyComplicationsService.cs(24,41): error CS0246: The type or namespace name 'TempDto' could not be found (are you missing a using directive or an assembly reference?) [D:\Files\Others\Source Code\GitHub Clone Projects\ICMS-Fullstack\ICMS\ICMS.Application\ICMS.Application.csproj]
D:\Files\Others\Source Code\GitHub Clone Projects\ICMS-Fullstack\ICMS\ICMS.Application\Services\PreviousPregnancyDeliveryComplicationsService.cs(19,41): error CS0246: The type or namespace name 'TempDto' could not be found (are you missing a using directive or an assembly reference?) [D:\Files\Others\Source Code\GitHub Clone Projects\ICMS-Fullstack\ICMS\ICMS.Application\ICMS.Application.csproj]
D:\Files\Others\Source Code\GitHub Clone Projects\ICMS-Fullstack\ICMS\ICMS.Application\Services\PreviousPregnancyDeliveryComplicationsService.cs(19,23): error CS0246: The type or namespace name 'TempDto' could not be found (are you missing a using directive or an assembly reference?) [D:\Files\Others\Source Code\GitHub Clone Projects\ICMS-Fullstack\ICMS\ICMS.Application\ICMS.Application.csproj]
D:\Files\Others\Source Code\GitHub Clone Projects\ICMS-Fullstack\ICMS\ICMS.Application\Services\PreviousPregnancyComplicationsService.cs(29,41): error CS0246: The type or namespace name 'TempDto' could not be found (are you missing a using directive or an assembly reference?) [D:\Files\Others\Source Code\GitHub Clone Projects\ICMS-Fullstack\ICMS\ICMS.Application\ICMS.Application.csproj]
D:\Files\Others\Source Code\GitHub Clone Projects\ICMS-Fullstack\ICMS\ICMS.Application\Interfaces\Services\IVisitDetailsService.cs(19,32): error CS0246: The type or namespace name 'TempDto' could not be found (are you missing a using directive or an assembly reference?) [D:\Files\Others\Source Code\GitHub Clone Projects\ICMS-Fullstack\ICMS\ICMS.Application\ICMS.Application.csproj]
D:\Files\Others\Source Code\GitHub Clone Projects\ICMS-Fullstack\ICMS\ICMS.Application\Interfaces\Services\IVisitDetailsService.cs(21,32): error CS0246: The type or namespace name 'TempDto' could not be found (are you missing a using directive or an assembly reference?) [D:\Files\Others\Source Code\GitHub Clone Projects\ICMS-Fullstack\ICMS\ICMS.Application\ICMS.Application.csproj]
D:\Files\Others\Source Code\GitHub Clone Projects\ICMS-Fullstack\ICMS\ICMS.Application\Services\PregnantWomanService.cs(20,21): error CS0246: The type or namespace name 'TempDto' could not be found (are you missing a using directive or an assembly reference?) [D:\Files\Others\Source Code\GitHub Clone Projects\ICMS-Fullstack\ICMS\ICMS.Application\ICMS.Application.csproj]
D:\Files\Others\Source Code\GitHub Clone Projects\ICMS-Fullstack\ICMS\ICMS.Application\Services\PreviousPregnancyDeliveryComplicationsService.cs(24,41): error CS0246: The type or namespace name 'TempDto' could not be found (are you missing a using directive or an assembly reference?) [D:\Files\Others\Source Code\GitHub Clone Projects\ICMS-Fullstack\ICMS\ICMS.Application\ICMS.Application.csproj]
D:\Files\Others\Source Code\GitHub Clone Projects\ICMS-Fullstack\ICMS\ICMS.Application\Services\PregnantWomanService.cs(25,39): error CS0246: The type or namespace name 'TempDto' could not be found (are you missing a using directive or an assembly reference?) [D:\Files\Others\Source Code\GitHub Clone Projects\ICMS-Fullstack\ICMS\ICMS.Application\ICMS.Application.csproj]
D:\Files\Others\Source Code\GitHub Clone Projects\ICMS-Fullstack\ICMS\ICMS.Application\Services\PregnantWomanService.cs(25,21): error CS0246: The type or namespace name 'TempDto' could not be found (are you missing a using directive or an assembly reference?) [D:\Files\Others\Source Code\GitHub Clone Projects\ICMS-Fullstack\ICMS\ICMS.Application\ICMS.Application.csproj]
D:\Files\Others\Source Code\GitHub Clone Projects\ICMS-Fullstack\ICMS\ICMS.Application\Services\PreviousPregnancyDeliveryComplicationsService.cs(29,41): error CS0246: The type or namespace name 'TempDto' could not be found (are you missing a using directive or an assembly reference?) [D:\Files\Others\Source Code\GitHub Clone Projects\ICMS-Fullstack\ICMS\ICMS.Application\ICMS.Application.csproj]
D:\Files\Others\Source Code\GitHub Clone Projects\ICMS-Fullstack\ICMS\ICMS.Application\Services\PregnantWomanService.cs(30,39): error CS0246: The type or namespace name 'TempDto' could not be found (are you missing a using directive or an assembly reference?) [D:\Files\Others\Source Code\GitHub Clone Projects\ICMS-Fullstack\ICMS\ICMS.Application\ICMS.Application.csproj]
D:\Files\Others\Source Code\GitHub Clone Projects\ICMS-Fullstack\ICMS\ICMS.Application\Services\VisitDetailsService.cs(9,37): error CS0246: The type or namespace name 'TempDto' could not be found (are you missing a using directive or an assembly reference?) [D:\Files\Others\Source Code\GitHub Clone Projects\ICMS-Fullstack\ICMS\ICMS.Application\ICMS.Application.csproj]
D:\Files\Others\Source Code\GitHub Clone Projects\ICMS-Fullstack\ICMS\ICMS.Application\Services\VisitDetailsService.cs(14,23): error CS0246: The type or namespace name 'TempDto' could not be found (are you missing a using directive or an assembly reference?) [D:\Files\Others\Source Code\GitHub Clone Projects\ICMS-Fullstack\ICMS\ICMS.Application\ICMS.Application.csproj]
D:\Files\Others\Source Code\GitHub Clone Projects\ICMS-Fullstack\ICMS\ICMS.Application\Services\VisitDetailsService.cs(19,41): error CS0246: The type or namespace name 'TempDto' could not be found (are you missing a using directive or an assembly reference?) [D:\Files\Others\Source Code\GitHub Clone Projects\ICMS-Fullstack\ICMS\ICMS.Application\ICMS.Application.csproj]
D:\Files\Others\Source Code\GitHub Clone Projects\ICMS-Fullstack\ICMS\ICMS.Application\Services\VisitDetailsService.cs(19,23): error CS0246: The type or namespace name 'TempDto' could not be found (are you missing a using directive or an assembly reference?) [D:\Files\Others\Source Code\GitHub Clone Projects\ICMS-Fullstack\ICMS\ICMS.Application\ICMS.Application.csproj]
D:\Files\Others\Source Code\GitHub Clone Projects\ICMS-Fullstack\ICMS\ICMS.Application\Services\TransactionService.cs(9,37): error CS0246: The type or namespace name 'TempDto' could not be found (are you missing a using directive or an assembly reference?) [D:\Files\Others\Source Code\GitHub Clone Projects\ICMS-Fullstack\ICMS\ICMS.Application\ICMS.Application.csproj]
D:\Files\Others\Source Code\GitHub Clone Projects\ICMS-Fullstack\ICMS\ICMS.Application\Services\VisitDetailsService.cs(24,41): error CS0246: The type or namespace name 'TempDto' could not be found (are you missing a using directive or an assembly reference?) [D:\Files\Others\Source Code\GitHub Clone Projects\ICMS-Fullstack\ICMS\ICMS.Application\ICMS.Application.csproj]
D:\Files\Others\Source Code\GitHub Clone Projects\ICMS-Fullstack\ICMS\ICMS.Application\Services\TransactionService.cs(14,23): error CS0246: The type or namespace name 'TempDto' could not be found (are you missing a using directive or an assembly reference?) [D:\Files\Others\Source Code\GitHub Clone Projects\ICMS-Fullstack\ICMS\ICMS.Application\ICMS.Application.csproj]
D:\Files\Others\Source Code\GitHub Clone Projects\ICMS-Fullstack\ICMS\ICMS.Application\Services\VisitDetailsService.cs(29,41): error CS0246: The type or namespace name 'TempDto' could not be found (are you missing a using directive or an assembly reference?) [D:\Files\Others\Source Code\GitHub Clone Projects\ICMS-Fullstack\ICMS\ICMS.Application\ICMS.Application.csproj]
D:\Files\Others\Source Code\GitHub Clone Projects\ICMS-Fullstack\ICMS\ICMS.Application\Services\TransactionService.cs(19,41): error CS0246: The type or namespace name 'TempDto' could not be found (are you missing a using directive or an assembly reference?) [D:\Files\Others\Source Code\GitHub Clone Projects\ICMS-Fullstack\ICMS\ICMS.Application\ICMS.Application.csproj]
D:\Files\Others\Source Code\GitHub Clone Projects\ICMS-Fullstack\ICMS\ICMS.Application\Services\TransactionService.cs(19,23): error CS0246: The type or namespace name 'TempDto' could not be found (are you missing a using directive or an assembly reference?) [D:\Files\Others\Source Code\GitHub Clone Projects\ICMS-Fullstack\ICMS\ICMS.Application\ICMS.Application.csproj]
D:\Files\Others\Source Code\GitHub Clone Projects\ICMS-Fullstack\ICMS\ICMS.Application\Services\TransactionService.cs(24,41): error CS0246: The type or namespace name 'TempDto' could not be found (are you missing a using directive or an assembly reference?) [D:\Files\Others\Source Code\GitHub Clone Projects\ICMS-Fullstack\ICMS\ICMS.Application\ICMS.Application.csproj]
D:\Files\Others\Source Code\GitHub Clone Projects\ICMS-Fullstack\ICMS\ICMS.Application\Services\TransactionService.cs(29,41): error CS0246: The type or namespace name 'TempDto' could not be found (are you missing a using directive or an assembly reference?) [D:\Files\Others\Source Code\GitHub Clone Projects\ICMS-Fullstack\ICMS\ICMS.Application\ICMS.Application.csproj]
D:\Files\Others\Source Code\GitHub Clone Projects\ICMS-Fullstack\ICMS\ICMS.Application\Services\PregnantWomanService.cs(35,39): error CS0246: The type or namespace name 'TempDto' could not be found (are you missing a using directive or an assembly reference?) [D:\Files\Others\Source Code\GitHub Clone Projects\ICMS-Fullstack\ICMS\ICMS.Application\ICMS.Application.csproj]

Build FAILED.

D:\Files\Others\Source Code\GitHub Clone Projects\ICMS-Fullstack\ICMS\ICMS.Application\Interfaces\Repositories\IPersonRepository.cs(20,27): warning CS0109: The member 'IPersonRepository.GetByIdAsync(int, CancellationToken)' does not hide an accessible member. The new keyword is not required. [D:\Files\Others\Source Code\GitHub Clone Projects\ICMS-Fullstack\ICMS\ICMS.Application\ICMS.Application.csproj]
D:\Files\Others\Source Code\GitHub Clone Projects\ICMS-Fullstack\ICMS\ICMS.Application\Interfaces\Repositories\IVaccineRepository.cs(7,28): warning CS0109: The member 'IVaccineRepository.GetByIdAsync(int, CancellationToken)' does not hide an accessible member. The new keyword is not required. [D:\Files\Others\Source Code\GitHub Clone Projects\ICMS-Fullstack\ICMS\ICMS.Application\ICMS.Application.csproj]
D:\Files\Others\Source Code\GitHub Clone Projects\ICMS-Fullstack\ICMS\ICMS.Application\Interfaces\Repositories\IVaccinatedIndividualRepository.cs(19,41): warning CS0109: The member 'IVaccinatedIndividualRepository.GetByIdAsync(int, CancellationToken)' does not hide an accessible member. The new keyword is not required. [D:\Files\Others\Source Code\GitHub Clone Projects\ICMS-Fullstack\ICMS\ICMS.Application\ICMS.Application.csproj]
D:\Files\Others\Source Code\GitHub Clone Projects\ICMS-Fullstack\ICMS\ICMS.Application\Interfaces\Services\INewbornService.cs(13,28): error CS0246: The type or namespace name 'TempDto' could not be found (are you missing a using directive or an assembly reference?) [D:\Files\Others\Source Code\GitHub Clone Projects\ICMS-Fullstack\ICMS\ICMS.Application\ICMS.Application.csproj]
D:\Files\Others\Source Code\GitHub Clone Projects\ICMS-Fullstack\ICMS\ICMS.Application\Interfaces\Services\INewbornService.cs(15,14): error CS0246: The type or namespace name 'TempDto' could not be found (are you missing a using directive or an assembly reference?) [D:\Files\Others\Source Code\GitHub Clone Projects\ICMS-Fullstack\ICMS\ICMS.Application\ICMS.Application.csproj]
D:\Files\Others\Source Code\GitHub Clone Projects\ICMS-Fullstack\ICMS\ICMS.Application\Interfaces\Services\INewbornService.cs(17,32): error CS0246: The type or namespace name 'TempDto' could not be found (are you missing a using directive or an assembly reference?) [D:\Files\Others\Source Code\GitHub Clone Projects\ICMS-Fullstack\ICMS\ICMS.Application\ICMS.Application.csproj]
D:\Files\Others\Source Code\GitHub Clone Projects\ICMS-Fullstack\ICMS\ICMS.Application\Interfaces\Services\INewbornService.cs(17,14): error CS0246: The type or namespace name 'TempDto' could not be found (are you missing a using directive or an assembly reference?) [D:\Files\Others\Source Code\GitHub Clone Projects\ICMS-Fullstack\ICMS\ICMS.Application\ICMS.Application.csproj]
D:\Files\Others\Source Code\GitHub Clone Projects\ICMS-Fullstack\ICMS\ICMS.Application\Interfaces\Services\IPregnancyDetailsService.cs(13,28): error CS0246: The type or namespace name 'TempDto' could not be found (are you missing a using directive or an assembly reference?) [D:\Files\Others\Source Code\GitHub Clone Projects\ICMS-Fullstack\ICMS\ICMS.Application\ICMS.Application.csproj]
D:\Files\Others\Source Code\GitHub Clone Projects\ICMS-Fullstack\ICMS\ICMS.Application\Interfaces\Services\IPregnancyDetailsService.cs(15,14): error CS0246: The type or namespace name 'TempDto' could not be found (are you missing a using directive or an assembly reference?) [D:\Files\Others\Source Code\GitHub Clone Projects\ICMS-Fullstack\ICMS\ICMS.Application\ICMS.Application.csproj]
D:\Files\Others\Source Code\GitHub Clone Projects\ICMS-Fullstack\ICMS\ICMS.Application\Interfaces\Services\INewbornService.cs(19,32): error CS0246: The type or namespace name 'TempDto' could not be found (are you missing a using directive or an assembly reference?) [D:\Files\Others\Source Code\GitHub Clone Projects\ICMS-Fullstack\ICMS\ICMS.Application\ICMS.Application.csproj]
D:\Files\Others\Source Code\GitHub Clone Projects\ICMS-Fullstack\ICMS\ICMS.Application\Interfaces\Services\INewbornService.cs(21,32): error CS0246: The type or namespace name 'TempDto' could not be found (are you missing a using directive or an assembly reference?) [D:\Files\Others\Source Code\GitHub Clone Projects\ICMS-Fullstack\ICMS\ICMS.Application\ICMS.Application.csproj]
D:\Files\Others\Source Code\GitHub Clone Projects\ICMS-Fullstack\ICMS\ICMS.Application\Interfaces\Services\IPreviousPostpartumComplicationsService.cs(13,28): error CS0246: The type or namespace name 'TempDto' could not be found (are you missing a using directive or an assembly reference?) [D:\Files\Others\Source Code\GitHub Clone Projects\ICMS-Fullstack\ICMS\ICMS.Application\ICMS.Application.csproj]
D:\Files\Others\Source Code\GitHub Clone Projects\ICMS-Fullstack\ICMS\ICMS.Application\Interfaces\Services\IPregnancyDetailsService.cs(17,32): error CS0246: The type or namespace name 'TempDto' could not be found (are you missing a using directive or an assembly reference?) [D:\Files\Others\Source Code\GitHub Clone Projects\ICMS-Fullstack\ICMS\ICMS.Application\ICMS.Application.csproj]
D:\Files\Others\Source Code\GitHub Clone Projects\ICMS-Fullstack\ICMS\ICMS.Application\Interfaces\Services\IPregnancyDetailsService.cs(17,14): error CS0246: The type or namespace name 'TempDto' could not be found (are you missing a using directive or an assembly reference?) [D:\Files\Others\Source Code\GitHub Clone Projects\ICMS-Fullstack\ICMS\ICMS.Application\ICMS.Application.csproj]
D:\Files\Others\Source Code\GitHub Clone Projects\ICMS-Fullstack\ICMS\ICMS.Application\Interfaces\Services\IPreviousPostpartumComplicationsService.cs(15,14): error CS0246: The type or namespace name 'TempDto' could not be found (are you missing a using directive or an assembly reference?) [D:\Files\Others\Source Code\GitHub Clone Projects\ICMS-Fullstack\ICMS\ICMS.Application\ICMS.Application.csproj]
D:\Files\Others\Source Code\GitHub Clone Projects\ICMS-Fullstack\ICMS\ICMS.Application\Interfaces\Services\IPregnancyDetailsService.cs(19,32): error CS0246: The type or namespace name 'TempDto' could not be found (are you missing a using directive or an assembly reference?) [D:\Files\Others\Source Code\GitHub Clone Projects\ICMS-Fullstack\ICMS\ICMS.Application\ICMS.Application.csproj]
D:\Files\Others\Source Code\GitHub Clone Projects\ICMS-Fullstack\ICMS\ICMS.Application\Interfaces\Services\IPregnancyDetailsService.cs(21,32): error CS0246: The type or namespace name 'TempDto' could not be found (are you missing a using directive or an assembly reference?) [D:\Files\Others\Source Code\GitHub Clone Projects\ICMS-Fullstack\ICMS\ICMS.Application\ICMS.Application.csproj]
D:\Files\Others\Source Code\GitHub Clone Projects\ICMS-Fullstack\ICMS\ICMS.Application\Interfaces\Services\IPreviousPostpartumComplicationsService.cs(17,32): error CS0246: The type or namespace name 'TempDto' could not be found (are you missing a using directive or an assembly reference?) [D:\Files\Others\Source Code\GitHub Clone Projects\ICMS-Fullstack\ICMS\ICMS.Application\ICMS.Application.csproj]
D:\Files\Others\Source Code\GitHub Clone Projects\ICMS-Fullstack\ICMS\ICMS.Application\Interfaces\Services\IPreviousPostpartumComplicationsService.cs(17,14): error CS0246: The type or namespace name 'TempDto' could not be found (are you missing a using directive or an assembly reference?) [D:\Files\Others\Source Code\GitHub Clone Projects\ICMS-Fullstack\ICMS\ICMS.Application\ICMS.Application.csproj]
D:\Files\Others\Source Code\GitHub Clone Projects\ICMS-Fullstack\ICMS\ICMS.Application\Interfaces\Services\IPreviousPostpartumComplicationsService.cs(19,32): error CS0246: The type or namespace name 'TempDto' could not be found (are you missing a using directive or an assembly reference?) [D:\Files\Others\Source Code\GitHub Clone Projects\ICMS-Fullstack\ICMS\ICMS.Application\ICMS.Application.csproj]
D:\Files\Others\Source Code\GitHub Clone Projects\ICMS-Fullstack\ICMS\ICMS.Application\Interfaces\Services\IPreviousPostpartumComplicationsService.cs(21,32): error CS0246: The type or namespace name 'TempDto' could not be found (are you missing a using directive or an assembly reference?) [D:\Files\Others\Source Code\GitHub Clone Projects\ICMS-Fullstack\ICMS\ICMS.Application\ICMS.Application.csproj]
D:\Files\Others\Source Code\GitHub Clone Projects\ICMS-Fullstack\ICMS\ICMS.Application\Interfaces\Services\IPregnantWomanService.cs(13,28): error CS0246: The type or namespace name 'TempDto' could not be found (are you missing a using directive or an assembly reference?) [D:\Files\Others\Source Code\GitHub Clone Projects\ICMS-Fullstack\ICMS\ICMS.Application\ICMS.Application.csproj]
D:\Files\Others\Source Code\GitHub Clone Projects\ICMS-Fullstack\ICMS\ICMS.Application\Interfaces\Services\IPreviousPregnancyComplicationsService.cs(13,28): error CS0246: The type or namespace name 'TempDto' could not be found (are you missing a using directive or an assembly reference?) [D:\Files\Others\Source Code\GitHub Clone Projects\ICMS-Fullstack\ICMS\ICMS.Application\ICMS.Application.csproj]
D:\Files\Others\Source Code\GitHub Clone Projects\ICMS-Fullstack\ICMS\ICMS.Application\Interfaces\Services\IPreviousPregnancyDeliveryComplicationsService.cs(13,28): error CS0246: The type or namespace name 'TempDto' could not be found (are you missing a using directive or an assembly reference?) [D:\Files\Others\Source Code\GitHub Clone Projects\ICMS-Fullstack\ICMS\ICMS.Application\ICMS.Application.csproj]
D:\Files\Others\Source Code\GitHub Clone Projects\ICMS-Fullstack\ICMS\ICMS.Application\Interfaces\Services\IPregnantWomanService.cs(15,14): error CS0246: The type or namespace name 'TempDto' could not be found (are you missing a using directive or an assembly reference?) [D:\Files\Others\Source Code\GitHub Clone Projects\ICMS-Fullstack\ICMS\ICMS.Application\ICMS.Application.csproj]
D:\Files\Others\Source Code\GitHub Clone Projects\ICMS-Fullstack\ICMS\ICMS.Application\Interfaces\Services\IPreviousPregnancyComplicationsService.cs(15,14): error CS0246: The type or namespace name 'TempDto' could not be found (are you missing a using directive or an assembly reference?) [D:\Files\Others\Source Code\GitHub Clone Projects\ICMS-Fullstack\ICMS\ICMS.Application\ICMS.Application.csproj]
D:\Files\Others\Source Code\GitHub Clone Projects\ICMS-Fullstack\ICMS\ICMS.Application\Interfaces\Services\IPreviousPregnancyDeliveryComplicationsService.cs(15,14): error CS0246: The type or namespace name 'TempDto' could not be found (are you missing a using directive or an assembly reference?) [D:\Files\Others\Source Code\GitHub Clone Projects\ICMS-Fullstack\ICMS\ICMS.Application\ICMS.Application.csproj]
D:\Files\Others\Source Code\GitHub Clone Projects\ICMS-Fullstack\ICMS\ICMS.Application\Interfaces\Services\IPreviousPregnancyDeliveryComplicationsService.cs(17,32): error CS0246: The type or namespace name 'TempDto' could not be found (are you missing a using directive or an assembly reference?) [D:\Files\Others\Source Code\GitHub Clone Projects\ICMS-Fullstack\ICMS\ICMS.Application\ICMS.Application.csproj]
D:\Files\Others\Source Code\GitHub Clone Projects\ICMS-Fullstack\ICMS\ICMS.Application\Interfaces\Services\IPreviousPregnancyDeliveryComplicationsService.cs(17,14): error CS0246: The type or namespace name 'TempDto' could not be found (are you missing a using directive or an assembly reference?) [D:\Files\Others\Source Code\GitHub Clone Projects\ICMS-Fullstack\ICMS\ICMS.Application\ICMS.Application.csproj]
D:\Files\Others\Source Code\GitHub Clone Projects\ICMS-Fullstack\ICMS\ICMS.Application\Interfaces\Services\IPregnantWomanService.cs(17,32): error CS0246: The type or namespace name 'TempDto' could not be found (are you missing a using directive or an assembly reference?) [D:\Files\Others\Source Code\GitHub Clone Projects\ICMS-Fullstack\ICMS\ICMS.Application\ICMS.Application.csproj]
D:\Files\Others\Source Code\GitHub Clone Projects\ICMS-Fullstack\ICMS\ICMS.Application\Interfaces\Services\IPregnantWomanService.cs(17,14): error CS0246: The type or namespace name 'TempDto' could not be found (are you missing a using directive or an assembly reference?) [D:\Files\Others\Source Code\GitHub Clone Projects\ICMS-Fullstack\ICMS\ICMS.Application\ICMS.Application.csproj]
D:\Files\Others\Source Code\GitHub Clone Projects\ICMS-Fullstack\ICMS\ICMS.Application\Interfaces\Services\IPregnantWomanService.cs(19,32): error CS0246: The type or namespace name 'TempDto' could not be found (are you missing a using directive or an assembly reference?) [D:\Files\Others\Source Code\GitHub Clone Projects\ICMS-Fullstack\ICMS\ICMS.Application\ICMS.Application.csproj]
D:\Files\Others\Source Code\GitHub Clone Projects\ICMS-Fullstack\ICMS\ICMS.Application\Interfaces\Services\IPreviousPregnancyDeliveryComplicationsService.cs(19,32): error CS0246: The type or namespace name 'TempDto' could not be found (are you missing a using directive or an assembly reference?) [D:\Files\Others\Source Code\GitHub Clone Projects\ICMS-Fullstack\ICMS\ICMS.Application\ICMS.Application.csproj]
D:\Files\Others\Source Code\GitHub Clone Projects\ICMS-Fullstack\ICMS\ICMS.Application\Interfaces\Services\IPregnantWomanService.cs(21,32): error CS0246: The type or namespace name 'TempDto' could not be found (are you missing a using directive or an assembly reference?) [D:\Files\Others\Source Code\GitHub Clone Projects\ICMS-Fullstack\ICMS\ICMS.Application\ICMS.Application.csproj]
D:\Files\Others\Source Code\GitHub Clone Projects\ICMS-Fullstack\ICMS\ICMS.Application\Interfaces\Services\IPreviousPregnancyDeliveryComplicationsService.cs(21,32): error CS0246: The type or namespace name 'TempDto' could not be found (are you missing a using directive or an assembly reference?) [D:\Files\Others\Source Code\GitHub Clone Projects\ICMS-Fullstack\ICMS\ICMS.Application\ICMS.Application.csproj]
D:\Files\Others\Source Code\GitHub Clone Projects\ICMS-Fullstack\ICMS\ICMS.Application\Interfaces\Services\IPreviousPregnancyComplicationsService.cs(17,32): error CS0246: The type or namespace name 'TempDto' could not be found (are you missing a using directive or an assembly reference?) [D:\Files\Others\Source Code\GitHub Clone Projects\ICMS-Fullstack\ICMS\ICMS.Application\ICMS.Application.csproj]
D:\Files\Others\Source Code\GitHub Clone Projects\ICMS-Fullstack\ICMS\ICMS.Application\Interfaces\Services\IPreviousPregnancyComplicationsService.cs(17,14): error CS0246: The type or namespace name 'TempDto' could not be found (are you missing a using directive or an assembly reference?) [D:\Files\Others\Source Code\GitHub Clone Projects\ICMS-Fullstack\ICMS\ICMS.Application\ICMS.Application.csproj]
D:\Files\Others\Source Code\GitHub Clone Projects\ICMS-Fullstack\ICMS\ICMS.Application\Interfaces\Services\IPreviousPregnancyComplicationsService.cs(19,32): error CS0246: The type or namespace name 'TempDto' could not be found (are you missing a using directive or an assembly reference?) [D:\Files\Others\Source Code\GitHub Clone Projects\ICMS-Fullstack\ICMS\ICMS.Application\ICMS.Application.csproj]
D:\Files\Others\Source Code\GitHub Clone Projects\ICMS-Fullstack\ICMS\ICMS.Application\Interfaces\Services\IPreviousPregnancyComplicationsService.cs(21,32): error CS0246: The type or namespace name 'TempDto' could not be found (are you missing a using directive or an assembly reference?) [D:\Files\Others\Source Code\GitHub Clone Projects\ICMS-Fullstack\ICMS\ICMS.Application\ICMS.Application.csproj]
D:\Files\Others\Source Code\GitHub Clone Projects\ICMS-Fullstack\ICMS\ICMS.Application\Interfaces\Services\ITransactionService.cs(13,28): error CS0246: The type or namespace name 'TempDto' could not be found (are you missing a using directive or an assembly reference?) [D:\Files\Others\Source Code\GitHub Clone Projects\ICMS-Fullstack\ICMS\ICMS.Application\ICMS.Application.csproj]
D:\Files\Others\Source Code\GitHub Clone Projects\ICMS-Fullstack\ICMS\ICMS.Application\Services\NewbornSerivce.cs(14,35): error CS0246: The type or namespace name 'TempDto' could not be found (are you missing a using directive or an assembly reference?) [D:\Files\Others\Source Code\GitHub Clone Projects\ICMS-Fullstack\ICMS\ICMS.Application\ICMS.Application.csproj]
D:\Files\Others\Source Code\GitHub Clone Projects\ICMS-Fullstack\ICMS\ICMS.Application\Services\NewbornSerivce.cs(19,21): error CS0246: The type or namespace name 'TempDto' could not be found (are you missing a using directive or an assembly reference?) [D:\Files\Others\Source Code\GitHub Clone Projects\ICMS-Fullstack\ICMS\ICMS.Application\ICMS.Application.csproj]
D:\Files\Others\Source Code\GitHub Clone Projects\ICMS-Fullstack\ICMS\ICMS.Application\Interfaces\Services\ITransactionService.cs(15,14): error CS0246: The type or namespace name 'TempDto' could not be found (are you missing a using directive or an assembly reference?) [D:\Files\Others\Source Code\GitHub Clone Projects\ICMS-Fullstack\ICMS\ICMS.Application\ICMS.Application.csproj]
D:\Files\Others\Source Code\GitHub Clone Projects\ICMS-Fullstack\ICMS\ICMS.Application\Services\NewbornSerivce.cs(24,39): error CS0246: The type or namespace name 'TempDto' could not be found (are you missing a using directive or an assembly reference?) [D:\Files\Others\Source Code\GitHub Clone Projects\ICMS-Fullstack\ICMS\ICMS.Application\ICMS.Application.csproj]
D:\Files\Others\Source Code\GitHub Clone Projects\ICMS-Fullstack\ICMS\ICMS.Application\Services\NewbornSerivce.cs(24,21): error CS0246: The type or namespace name 'TempDto' could not be found (are you missing a using directive or an assembly reference?) [D:\Files\Others\Source Code\GitHub Clone Projects\ICMS-Fullstack\ICMS\ICMS.Application\ICMS.Application.csproj]
D:\Files\Others\Source Code\GitHub Clone Projects\ICMS-Fullstack\ICMS\ICMS.Application\Services\PregnancyDetailsService.cs(14,35): error CS0246: The type or namespace name 'TempDto' could not be found (are you missing a using directive or an assembly reference?) [D:\Files\Others\Source Code\GitHub Clone Projects\ICMS-Fullstack\ICMS\ICMS.Application\ICMS.Application.csproj]
D:\Files\Others\Source Code\GitHub Clone Projects\ICMS-Fullstack\ICMS\ICMS.Application\Interfaces\Services\ITransactionService.cs(17,32): error CS0246: The type or namespace name 'TempDto' could not be found (are you missing a using directive or an assembly reference?) [D:\Files\Others\Source Code\GitHub Clone Projects\ICMS-Fullstack\ICMS\ICMS.Application\ICMS.Application.csproj]
D:\Files\Others\Source Code\GitHub Clone Projects\ICMS-Fullstack\ICMS\ICMS.Application\Interfaces\Services\ITransactionService.cs(17,14): error CS0246: The type or namespace name 'TempDto' could not be found (are you missing a using directive or an assembly reference?) [D:\Files\Others\Source Code\GitHub Clone Projects\ICMS-Fullstack\ICMS\ICMS.Application\ICMS.Application.csproj]
D:\Files\Others\Source Code\GitHub Clone Projects\ICMS-Fullstack\ICMS\ICMS.Application\Services\PregnancyDetailsService.cs(19,21): error CS0246: The type or namespace name 'TempDto' could not be found (are you missing a using directive or an assembly reference?) [D:\Files\Others\Source Code\GitHub Clone Projects\ICMS-Fullstack\ICMS\ICMS.Application\ICMS.Application.csproj]
D:\Files\Others\Source Code\GitHub Clone Projects\ICMS-Fullstack\ICMS\ICMS.Application\Interfaces\Services\ITransactionService.cs(19,32): error CS0246: The type or namespace name 'TempDto' could not be found (are you missing a using directive or an assembly reference?) [D:\Files\Others\Source Code\GitHub Clone Projects\ICMS-Fullstack\ICMS\ICMS.Application\ICMS.Application.csproj]
D:\Files\Others\Source Code\GitHub Clone Projects\ICMS-Fullstack\ICMS\ICMS.Application\Services\NewbornSerivce.cs(29,39): error CS0246: The type or namespace name 'TempDto' could not be found (are you missing a using directive or an assembly reference?) [D:\Files\Others\Source Code\GitHub Clone Projects\ICMS-Fullstack\ICMS\ICMS.Application\ICMS.Application.csproj]
D:\Files\Others\Source Code\GitHub Clone Projects\ICMS-Fullstack\ICMS\ICMS.Application\Services\PregnancyDetailsService.cs(23,39): error CS0246: The type or namespace name 'TempDto' could not be found (are you missing a using directive or an assembly reference?) [D:\Files\Others\Source Code\GitHub Clone Projects\ICMS-Fullstack\ICMS\ICMS.Application\ICMS.Application.csproj]
D:\Files\Others\Source Code\GitHub Clone Projects\ICMS-Fullstack\ICMS\ICMS.Application\Services\PregnancyDetailsService.cs(23,21): error CS0246: The type or namespace name 'TempDto' could not be found (are you missing a using directive or an assembly reference?) [D:\Files\Others\Source Code\GitHub Clone Projects\ICMS-Fullstack\ICMS\ICMS.Application\ICMS.Application.csproj]
D:\Files\Others\Source Code\GitHub Clone Projects\ICMS-Fullstack\ICMS\ICMS.Application\Services\NewbornSerivce.cs(35,39): error CS0246: The type or namespace name 'TempDto' could not be found (are you missing a using directive or an assembly reference?) [D:\Files\Others\Source Code\GitHub Clone Projects\ICMS-Fullstack\ICMS\ICMS.Application\ICMS.Application.csproj]
D:\Files\Others\Source Code\GitHub Clone Projects\ICMS-Fullstack\ICMS\ICMS.Application\Interfaces\Services\ITransactionService.cs(21,32): error CS0246: The type or namespace name 'TempDto' could not be found (are you missing a using directive or an assembly reference?) [D:\Files\Others\Source Code\GitHub Clone Projects\ICMS-Fullstack\ICMS\ICMS.Application\ICMS.Application.csproj]
D:\Files\Others\Source Code\GitHub Clone Projects\ICMS-Fullstack\ICMS\ICMS.Application\Services\PregnantWomanService.cs(15,35): error CS0246: The type or namespace name 'TempDto' could not be found (are you missing a using directive or an assembly reference?) [D:\Files\Others\Source Code\GitHub Clone Projects\ICMS-Fullstack\ICMS\ICMS.Application\ICMS.Application.csproj]
D:\Files\Others\Source Code\GitHub Clone Projects\ICMS-Fullstack\ICMS\ICMS.Application\Interfaces\Services\IVisitDetailsService.cs(13,28): error CS0246: The type or namespace name 'TempDto' could not be found (are you missing a using directive or an assembly reference?) [D:\Files\Others\Source Code\GitHub Clone Projects\ICMS-Fullstack\ICMS\ICMS.Application\ICMS.Application.csproj]
D:\Files\Others\Source Code\GitHub Clone Projects\ICMS-Fullstack\ICMS\ICMS.Application\Interfaces\Services\IVisitDetailsService.cs(15,14): error CS0246: The type or namespace name 'TempDto' could not be found (are you missing a using directive or an assembly reference?) [D:\Files\Others\Source Code\GitHub Clone Projects\ICMS-Fullstack\ICMS\ICMS.Application\ICMS.Application.csproj]
D:\Files\Others\Source Code\GitHub Clone Projects\ICMS-Fullstack\ICMS\ICMS.Application\Services\PregnancyDetailsService.cs(28,39): error CS0246: The type or namespace name 'TempDto' could not be found (are you missing a using directive or an assembly reference?) [D:\Files\Others\Source Code\GitHub Clone Projects\ICMS-Fullstack\ICMS\ICMS.Application\ICMS.Application.csproj]
D:\Files\Others\Source Code\GitHub Clone Projects\ICMS-Fullstack\ICMS\ICMS.Application\Services\PreviousPregnancyComplicationsService.cs(9,37): error CS0246: The type or namespace name 'TempDto' could not be found (are you missing a using directive or an assembly reference?) [D:\Files\Others\Source Code\GitHub Clone Projects\ICMS-Fullstack\ICMS\ICMS.Application\ICMS.Application.csproj]
D:\Files\Others\Source Code\GitHub Clone Projects\ICMS-Fullstack\ICMS\ICMS.Application\Services\PreviousPregnancyComplicationsService.cs(14,23): error CS0246: The type or namespace name 'TempDto' could not be found (are you missing a using directive or an assembly reference?) [D:\Files\Others\Source Code\GitHub Clone Projects\ICMS-Fullstack\ICMS\ICMS.Application\ICMS.Application.csproj]
D:\Files\Others\Source Code\GitHub Clone Projects\ICMS-Fullstack\ICMS\ICMS.Application\Services\PregnancyDetailsService.cs(34,39): error CS0246: The type or namespace name 'TempDto' could not be found (are you missing a using directive or an assembly reference?) [D:\Files\Others\Source Code\GitHub Clone Projects\ICMS-Fullstack\ICMS\ICMS.Application\ICMS.Application.csproj]
D:\Files\Others\Source Code\GitHub Clone Projects\ICMS-Fullstack\ICMS\ICMS.Application\Interfaces\Services\IVisitDetailsService.cs(17,32): error CS0246: The type or namespace name 'TempDto' could not be found (are you missing a using directive or an assembly reference?) [D:\Files\Others\Source Code\GitHub Clone Projects\ICMS-Fullstack\ICMS\ICMS.Application\ICMS.Application.csproj]
D:\Files\Others\Source Code\GitHub Clone Projects\ICMS-Fullstack\ICMS\ICMS.Application\Interfaces\Services\IVisitDetailsService.cs(17,14): error CS0246: The type or namespace name 'TempDto' could not be found (are you missing a using directive or an assembly reference?) [D:\Files\Others\Source Code\GitHub Clone Projects\ICMS-Fullstack\ICMS\ICMS.Application\ICMS.Application.csproj]
D:\Files\Others\Source Code\GitHub Clone Projects\ICMS-Fullstack\ICMS\ICMS.Application\Services\PreviousPregnancyDeliveryComplicationsService.cs(9,37): error CS0246: The type or namespace name 'TempDto' could not be found (are you missing a using directive or an assembly reference?) [D:\Files\Others\Source Code\GitHub Clone Projects\ICMS-Fullstack\ICMS\ICMS.Application\ICMS.Application.csproj]
D:\Files\Others\Source Code\GitHub Clone Projects\ICMS-Fullstack\ICMS\ICMS.Application\Services\PreviousPregnancyDeliveryComplicationsService.cs(14,23): error CS0246: The type or namespace name 'TempDto' could not be found (are you missing a using directive or an assembly reference?) [D:\Files\Others\Source Code\GitHub Clone Projects\ICMS-Fullstack\ICMS\ICMS.Application\ICMS.Application.csproj]
D:\Files\Others\Source Code\GitHub Clone Projects\ICMS-Fullstack\ICMS\ICMS.Application\Services\PreviousPregnancyComplicationsService.cs(19,41): error CS0246: The type or namespace name 'TempDto' could not be found (are you missing a using directive or an assembly reference?) [D:\Files\Others\Source Code\GitHub Clone Projects\ICMS-Fullstack\ICMS\ICMS.Application\ICMS.Application.csproj]
D:\Files\Others\Source Code\GitHub Clone Projects\ICMS-Fullstack\ICMS\ICMS.Application\Services\PreviousPregnancyComplicationsService.cs(19,23): error CS0246: The type or namespace name 'TempDto' could not be found (are you missing a using directive or an assembly reference?) [D:\Files\Others\Source Code\GitHub Clone Projects\ICMS-Fullstack\ICMS\ICMS.Application\ICMS.Application.csproj]
D:\Files\Others\Source Code\GitHub Clone Projects\ICMS-Fullstack\ICMS\ICMS.Application\Services\PreviousPregnancyComplicationsService.cs(24,41): error CS0246: The type or namespace name 'TempDto' could not be found (are you missing a using directive or an assembly reference?) [D:\Files\Others\Source Code\GitHub Clone Projects\ICMS-Fullstack\ICMS\ICMS.Application\ICMS.Application.csproj]
D:\Files\Others\Source Code\GitHub Clone Projects\ICMS-Fullstack\ICMS\ICMS.Application\Services\PreviousPregnancyDeliveryComplicationsService.cs(19,41): error CS0246: The type or namespace name 'TempDto' could not be found (are you missing a using directive or an assembly reference?) [D:\Files\Others\Source Code\GitHub Clone Projects\ICMS-Fullstack\ICMS\ICMS.Application\ICMS.Application.csproj]
D:\Files\Others\Source Code\GitHub Clone Projects\ICMS-Fullstack\ICMS\ICMS.Application\Services\PreviousPregnancyDeliveryComplicationsService.cs(19,23): error CS0246: The type or namespace name 'TempDto' could not be found (are you missing a using directive or an assembly reference?) [D:\Files\Others\Source Code\GitHub Clone Projects\ICMS-Fullstack\ICMS\ICMS.Application\ICMS.Application.csproj]
D:\Files\Others\Source Code\GitHub Clone Projects\ICMS-Fullstack\ICMS\ICMS.Application\Services\PreviousPregnancyComplicationsService.cs(29,41): error CS0246: The type or namespace name 'TempDto' could not be found (are you missing a using directive or an assembly reference?) [D:\Files\Others\Source Code\GitHub Clone Projects\ICMS-Fullstack\ICMS\ICMS.Application\ICMS.Application.csproj]
D:\Files\Others\Source Code\GitHub Clone Projects\ICMS-Fullstack\ICMS\ICMS.Application\Interfaces\Services\IVisitDetailsService.cs(19,32): error CS0246: The type or namespace name 'TempDto' could not be found (are you missing a using directive or an assembly reference?) [D:\Files\Others\Source Code\GitHub Clone Projects\ICMS-Fullstack\ICMS\ICMS.Application\ICMS.Application.csproj]
D:\Files\Others\Source Code\GitHub Clone Projects\ICMS-Fullstack\ICMS\ICMS.Application\Interfaces\Services\IVisitDetailsService.cs(21,32): error CS0246: The type or namespace name 'TempDto' could not be found (are you missing a using directive or an assembly reference?) [D:\Files\Others\Source Code\GitHub Clone Projects\ICMS-Fullstack\ICMS\ICMS.Application\ICMS.Application.csproj]
D:\Files\Others\Source Code\GitHub Clone Projects\ICMS-Fullstack\ICMS\ICMS.Application\Services\PregnantWomanService.cs(20,21): error CS0246: The type or namespace name 'TempDto' could not be found (are you missing a using directive or an assembly reference?) [D:\Files\Others\Source Code\GitHub Clone Projects\ICMS-Fullstack\ICMS\ICMS.Application\ICMS.Application.csproj]
D:\Files\Others\Source Code\GitHub Clone Projects\ICMS-Fullstack\ICMS\ICMS.Application\Services\PreviousPregnancyDeliveryComplicationsService.cs(24,41): error CS0246: The type or namespace name 'TempDto' could not be found (are you missing a using directive or an assembly reference?) [D:\Files\Others\Source Code\GitHub Clone Projects\ICMS-Fullstack\ICMS\ICMS.Application\ICMS.Application.csproj]
D:\Files\Others\Source Code\GitHub Clone Projects\ICMS-Fullstack\ICMS\ICMS.Application\Services\PregnantWomanService.cs(25,39): error CS0246: The type or namespace name 'TempDto' could not be found (are you missing a using directive or an assembly reference?) [D:\Files\Others\Source Code\GitHub Clone Projects\ICMS-Fullstack\ICMS\ICMS.Application\ICMS.Application.csproj]
D:\Files\Others\Source Code\GitHub Clone Projects\ICMS-Fullstack\ICMS\ICMS.Application\Services\PregnantWomanService.cs(25,21): error CS0246: The type or namespace name 'TempDto' could not be found (are you missing a using directive or an assembly reference?) [D:\Files\Others\Source Code\GitHub Clone Projects\ICMS-Fullstack\ICMS\ICMS.Application\ICMS.Application.csproj]
D:\Files\Others\Source Code\GitHub Clone Projects\ICMS-Fullstack\ICMS\ICMS.Application\Services\PreviousPregnancyDeliveryComplicationsService.cs(29,41): error CS0246: The type or namespace name 'TempDto' could not be found (are you missing a using directive or an assembly reference?) [D:\Files\Others\Source Code\GitHub Clone Projects\ICMS-Fullstack\ICMS\ICMS.Application\ICMS.Application.csproj]
D:\Files\Others\Source Code\GitHub Clone Projects\ICMS-Fullstack\ICMS\ICMS.Application\Services\PregnantWomanService.cs(30,39): error CS0246: The type or namespace name 'TempDto' could not be found (are you missing a using directive or an assembly reference?) [D:\Files\Others\Source Code\GitHub Clone Projects\ICMS-Fullstack\ICMS\ICMS.Application\ICMS.Application.csproj]
D:\Files\Others\Source Code\GitHub Clone Projects\ICMS-Fullstack\ICMS\ICMS.Application\Services\VisitDetailsService.cs(9,37): error CS0246: The type or namespace name 'TempDto' could not be found (are you missing a using directive or an assembly reference?) [D:\Files\Others\Source Code\GitHub Clone Projects\ICMS-Fullstack\ICMS\ICMS.Application\ICMS.Application.csproj]
D:\Files\Others\Source Code\GitHub Clone Projects\ICMS-Fullstack\ICMS\ICMS.Application\Services\VisitDetailsService.cs(14,23): error CS0246: The type or namespace name 'TempDto' could not be found (are you missing a using directive or an assembly reference?) [D:\Files\Others\Source Code\GitHub Clone Projects\ICMS-Fullstack\ICMS\ICMS.Application\ICMS.Application.csproj]
D:\Files\Others\Source Code\GitHub Clone Projects\ICMS-Fullstack\ICMS\ICMS.Application\Services\VisitDetailsService.cs(19,41): error CS0246: The type or namespace name 'TempDto' could not be found (are you missing a using directive or an assembly reference?) [D:\Files\Others\Source Code\GitHub Clone Projects\ICMS-Fullstack\ICMS\ICMS.Application\ICMS.Application.csproj]
D:\Files\Others\Source Code\GitHub Clone Projects\ICMS-Fullstack\ICMS\ICMS.Application\Services\VisitDetailsService.cs(19,23): error CS0246: The type or namespace name 'TempDto' could not be found (are you missing a using directive or an assembly reference?) [D:\Files\Others\Source Code\GitHub Clone Projects\ICMS-Fullstack\ICMS\ICMS.Application\ICMS.Application.csproj]
D:\Files\Others\Source Code\GitHub Clone Projects\ICMS-Fullstack\ICMS\ICMS.Application\Services\TransactionService.cs(9,37): error CS0246: The type or namespace name 'TempDto' could not be found (are you missing a using directive or an assembly reference?) [D:\Files\Others\Source Code\GitHub Clone Projects\ICMS-Fullstack\ICMS\ICMS.Application\ICMS.Application.csproj]
D:\Files\Others\Source Code\GitHub Clone Projects\ICMS-Fullstack\ICMS\ICMS.Application\Services\VisitDetailsService.cs(24,41): error CS0246: The type or namespace name 'TempDto' could not be found (are you missing a using directive or an assembly reference?) [D:\Files\Others\Source Code\GitHub Clone Projects\ICMS-Fullstack\ICMS\ICMS.Application\ICMS.Application.csproj]
D:\Files\Others\Source Code\GitHub Clone Projects\ICMS-Fullstack\ICMS\ICMS.Application\Services\TransactionService.cs(14,23): error CS0246: The type or namespace name 'TempDto' could not be found (are you missing a using directive or an assembly reference?) [D:\Files\Others\Source Code\GitHub Clone Projects\ICMS-Fullstack\ICMS\ICMS.Application\ICMS.Application.csproj]
D:\Files\Others\Source Code\GitHub Clone Projects\ICMS-Fullstack\ICMS\ICMS.Application\Services\VisitDetailsService.cs(29,41): error CS0246: The type or namespace name 'TempDto' could not be found (are you missing a using directive or an assembly reference?) [D:\Files\Others\Source Code\GitHub Clone Projects\ICMS-Fullstack\ICMS\ICMS.Application\ICMS.Application.csproj]
D:\Files\Others\Source Code\GitHub Clone Projects\ICMS-Fullstack\ICMS\ICMS.Application\Services\TransactionService.cs(19,41): error CS0246: The type or namespace name 'TempDto' could not be found (are you missing a using directive or an assembly reference?) [D:\Files\Others\Source Code\GitHub Clone Projects\ICMS-Fullstack\ICMS\ICMS.Application\ICMS.Application.csproj]
D:\Files\Others\Source Code\GitHub Clone Projects\ICMS-Fullstack\ICMS\ICMS.Application\Services\TransactionService.cs(19,23): error CS0246: The type or namespace name 'TempDto' could not be found (are you missing a using directive or an assembly reference?) [D:\Files\Others\Source Code\GitHub Clone Projects\ICMS-Fullstack\ICMS\ICMS.Application\ICMS.Application.csproj]
D:\Files\Others\Source Code\GitHub Clone Projects\ICMS-Fullstack\ICMS\ICMS.Application\Services\TransactionService.cs(24,41): error CS0246: The type or namespace name 'TempDto' could not be found (are you missing a using directive or an assembly reference?) [D:\Files\Others\Source Code\GitHub Clone Projects\ICMS-Fullstack\ICMS\ICMS.Application\ICMS.Application.csproj]
D:\Files\Others\Source Code\GitHub Clone Projects\ICMS-Fullstack\ICMS\ICMS.Application\Services\TransactionService.cs(29,41): error CS0246: The type or namespace name 'TempDto' could not be found (are you missing a using directive or an assembly reference?) [D:\Files\Others\Source Code\GitHub Clone Projects\ICMS-Fullstack\ICMS\ICMS.Application\ICMS.Application.csproj]
D:\Files\Others\Source Code\GitHub Clone Projects\ICMS-Fullstack\ICMS\ICMS.Application\Services\PregnantWomanService.cs(35,39): error CS0246: The type or namespace name 'TempDto' could not be found (are you missing a using directive or an assembly reference?) [D:\Files\Others\Source Code\GitHub Clone Projects\ICMS-Fullstack\ICMS\ICMS.Application\ICMS.Application.csproj]
    3 Warning(s)
    90 Error(s)

Time Elapsed 00:00:02.50
